// Jest Snapshot v1, https://goo.gl/fbAQLP

exports[`trade-in-leads-autocomplete matches snapshot 1`] = `
<div class="field has-addons">
  <div class="control is-expanded">
    <input placeholder="Enter Year, Make, and Model" class="input">
  </div>
  <div class="control">
    <button class="button is-primary">
      <font-awesome-icon-stub icon="[object Object]"></font-awesome-icon-stub>
    </button>
  </div>
</div>
`;
